main.c:162:5:main	136	static
main.c:629:6:SystemClock_Config	88	static
main.c:674:13:MX_ADC1_Init	24	static
main.c:724:13:MX_SPI3_Init	8	static
main.c:762:13:MX_TIM2_Init	32	static
main.c:807:13:MX_TIM3_Init	32	static
main.c:852:13:MX_USART2_UART_Init	8	static
main.c:883:13:MX_DMA_Init	16	static
main.c:901:13:MX_GPIO_Init	48	static
main.c:953:6:MCP4922SetOutput	24	static
main.c:960:6:HAL_SPI_TxCpltCallback	16	static
main.c:968:6:HAL_TIM_PeriodElapsedCallback	24	static
main.c:976:17:micros	12	static
main.c:980:9:UARTRecieveIT	16	static
main.c:997:6:Error_Handler	4	static,ignoring_inline_asm
